2025-03-10 15:11:06,502 - config.appconfig - INFO - Configuration loaded successfully
2025-03-10 15:11:06,502 - config.appconfig - INFO - DB_HOST: localhost
2025-03-10 15:11:06,503 - config.appconfig - INFO - DB_NAME: license
2025-03-10 15:11:06,504 - config.appconfig - INFO - DB_USER: postgres
2025-03-10 15:11:06,505 - config.appconfig - INFO - DB_PASSWORD: or****le
2025-03-10 15:11:06,506 - config.appconfig - INFO - DB_PORT: 5432
2025-03-10 15:11:06,506 - config.appconfig - INFO - VIDEO_SOURCE: C:\Users\Dell\Desktop\Machine Learning\COMPUTER VISION\ANPR System\Resources\car_vid.mp4
2025-03-10 15:11:06,507 - config.appconfig - INFO - MODEL_PATH: C:\Users\Dell\Desktop\Machine Learning\COMPUTER VISION\ANPR System\models\license_plate_detector.pt
2025-03-10 15:11:06,508 - config.appconfig - INFO - OUTPUT_PATH: C:\Users\Dell\Desktop\Machine Learning\COMPUTER VISION\ANPR System\output\annotated_video.mp4
2025-03-10 15:11:06,508 - config.appconfig - INFO - PLATE_REGEX: re.compile('^[A-Z0-9]{7,10}$')
2025-03-10 15:11:06,510 - config.appconfig - INFO - MIN_CONFIDENCE: 0.65
2025-03-10 15:11:06,510 - config.appconfig - INFO - TRACKING_FRAMES: 30
2025-03-10 15:11:06,511 - config.appconfig - INFO - MIN_DETECTIONS: 5
2025-03-10 15:13:20,306 - config.appconfig - INFO - Configuration loaded successfully
2025-03-10 15:13:20,308 - config.appconfig - INFO - DB_HOST: localhost
2025-03-10 15:13:20,310 - config.appconfig - INFO - DB_NAME: license
2025-03-10 15:13:20,311 - config.appconfig - INFO - DB_USER: postgres
2025-03-10 15:13:20,313 - config.appconfig - INFO - DB_PASSWORD: or****le
2025-03-10 15:13:20,314 - config.appconfig - INFO - DB_PORT: 5432
2025-03-10 15:13:20,315 - config.appconfig - INFO - VIDEO_SOURCE: C:\Users\Dell\Desktop\Machine Learning\COMPUTER VISION\ANPR System\Resources\car_vid.mp4
2025-03-10 15:13:20,316 - config.appconfig - INFO - MODEL_PATH: C:\Users\Dell\Desktop\Machine Learning\COMPUTER VISION\ANPR System\models\license_plate_detector.pt
2025-03-10 15:13:20,317 - config.appconfig - INFO - OUTPUT_PATH: C:\Users\Dell\Desktop\Machine Learning\COMPUTER VISION\ANPR System\output\annotated_video.mp4
2025-03-10 15:13:20,319 - config.appconfig - INFO - PLATE_REGEX: re.compile('^[A-Z0-9]{7,10}$')
2025-03-10 15:13:20,320 - config.appconfig - INFO - MIN_CONFIDENCE: 0.65
2025-03-10 15:13:20,322 - config.appconfig - INFO - TRACKING_FRAMES: 30
2025-03-10 15:13:20,324 - config.appconfig - INFO - MIN_DETECTIONS: 5
2025-03-10 15:37:30,432 - config.appconfig - INFO - Configuration loaded successfully
2025-03-10 15:37:30,432 - config.appconfig - INFO - DB_HOST: localhost
2025-03-10 15:37:30,432 - config.appconfig - INFO - DB_NAME: license
2025-03-10 15:37:30,433 - config.appconfig - INFO - DB_USER: postgres
2025-03-10 15:37:30,433 - config.appconfig - INFO - DB_PASSWORD: or****le
2025-03-10 15:37:30,434 - config.appconfig - INFO - DB_PORT: 5432
2025-03-10 15:37:30,434 - config.appconfig - INFO - VIDEO_SOURCE: C:\Users\Dell\Desktop\Machine Learning\COMPUTER VISION\ANPR System\Resources\car_vid.mp4
2025-03-10 15:37:30,434 - config.appconfig - INFO - MODEL_PATH: C:\Users\Dell\Desktop\Machine Learning\COMPUTER VISION\ANPR System\models\license_plate_detector.pt
2025-03-10 15:37:30,435 - config.appconfig - INFO - OUTPUT_PATH: C:\Users\Dell\Desktop\Machine Learning\COMPUTER VISION\ANPR System\output\annotated_video.mp4
2025-03-10 15:37:30,436 - config.appconfig - INFO - PLATE_REGEX: re.compile('^[A-Z0-9]{7,10}$')
2025-03-10 15:37:30,437 - config.appconfig - INFO - MIN_CONFIDENCE: 0.65
2025-03-10 15:37:30,437 - config.appconfig - INFO - TRACKING_FRAMES: 30
2025-03-10 15:37:30,438 - config.appconfig - INFO - MIN_DETECTIONS: 5
2025-03-11 00:59:22,615 - config.appconfig - INFO - Configuration loaded successfully
2025-03-11 00:59:22,615 - config.appconfig - INFO - DB_HOST: localhost
2025-03-11 00:59:22,615 - config.appconfig - INFO - DB_NAME: license
2025-03-11 00:59:22,615 - config.appconfig - INFO - DB_USER: postgres
2025-03-11 00:59:22,619 - config.appconfig - INFO - DB_PASSWORD: or****le
2025-03-11 00:59:22,619 - config.appconfig - INFO - DB_PORT: 5432
2025-03-11 00:59:22,619 - config.appconfig - INFO - VIDEO_SOURCE: C:\Users\Dell\Desktop\Machine Learning\COMPUTER VISION\ANPR System\Resources\car_vid.mp4
2025-03-11 00:59:22,619 - config.appconfig - INFO - MODEL_PATH: C:\Users\Dell\Desktop\Machine Learning\COMPUTER VISION\ANPR System\models\license_plate_detector.pt
2025-03-11 00:59:22,624 - config.appconfig - INFO - OUTPUT_PATH: C:\Users\Dell\Desktop\Machine Learning\COMPUTER VISION\ANPR System\output\annotated_video.mp4
2025-03-11 00:59:22,625 - config.appconfig - INFO - PLATE_REGEX: re.compile('^[A-Z0-9]{7,10}$')
2025-03-11 00:59:22,625 - config.appconfig - INFO - MIN_CONFIDENCE: 0.65
2025-03-11 00:59:22,626 - config.appconfig - INFO - TRACKING_FRAMES: 30
2025-03-11 00:59:22,626 - config.appconfig - INFO - MIN_DETECTIONS: 5
2025-03-11 01:00:13,226 - config.appconfig - INFO - Configuration loaded successfully
2025-03-11 01:00:13,226 - config.appconfig - INFO - DB_HOST: localhost
2025-03-11 01:00:13,226 - config.appconfig - INFO - DB_NAME: license
2025-03-11 01:00:13,226 - config.appconfig - INFO - DB_USER: postgres
2025-03-11 01:00:13,232 - config.appconfig - INFO - DB_PASSWORD: or****le
2025-03-11 01:00:13,232 - config.appconfig - INFO - DB_PORT: 5432
2025-03-11 01:00:13,232 - config.appconfig - INFO - VIDEO_SOURCE: C:\Users\Dell\Desktop\Machine Learning\COMPUTER VISION\ANPR System\Resources\car_vid.mp4
2025-03-11 01:00:13,232 - config.appconfig - INFO - MODEL_PATH: C:\Users\Dell\Desktop\Machine Learning\COMPUTER VISION\ANPR System\models\license_plate_detector.pt
2025-03-11 01:00:13,232 - config.appconfig - INFO - OUTPUT_PATH: C:\Users\Dell\Desktop\Machine Learning\COMPUTER VISION\ANPR System\output\annotated_video.mp4
2025-03-11 01:00:13,232 - config.appconfig - INFO - PLATE_REGEX: re.compile('^[A-Z0-9]{7,10}$')
2025-03-11 01:00:13,232 - config.appconfig - INFO - MIN_CONFIDENCE: 0.65
2025-03-11 01:00:13,237 - config.appconfig - INFO - TRACKING_FRAMES: 30
2025-03-11 01:00:13,237 - config.appconfig - INFO - MIN_DETECTIONS: 5
2025-03-11 01:00:31,539 - config.appconfig - INFO - Configuration loaded successfully
2025-03-11 01:00:31,541 - config.appconfig - INFO - DB_HOST: localhost
2025-03-11 01:00:31,542 - config.appconfig - INFO - DB_NAME: license
2025-03-11 01:00:31,542 - config.appconfig - INFO - DB_USER: postgres
2025-03-11 01:00:31,544 - config.appconfig - INFO - DB_PASSWORD: or****le
2025-03-11 01:00:31,544 - config.appconfig - INFO - DB_PORT: 5432
2025-03-11 01:00:31,545 - config.appconfig - INFO - VIDEO_SOURCE: C:\Users\Dell\Desktop\Machine Learning\COMPUTER VISION\ANPR System\Resources\car_vid.mp4
2025-03-11 01:00:31,545 - config.appconfig - INFO - MODEL_PATH: C:\Users\Dell\Desktop\Machine Learning\COMPUTER VISION\ANPR System\models\license_plate_detector.pt
2025-03-11 01:00:31,545 - config.appconfig - INFO - OUTPUT_PATH: C:\Users\Dell\Desktop\Machine Learning\COMPUTER VISION\ANPR System\output\annotated_video.mp4
2025-03-11 01:00:31,549 - config.appconfig - INFO - PLATE_REGEX: re.compile('^[A-Z0-9]{7,10}$')
2025-03-11 01:00:31,550 - config.appconfig - INFO - MIN_CONFIDENCE: 0.65
2025-03-11 01:00:31,550 - config.appconfig - INFO - TRACKING_FRAMES: 30
2025-03-11 01:00:31,550 - config.appconfig - INFO - MIN_DETECTIONS: 5
2025-03-11 01:00:39,971 - config.appconfig - INFO - Configuration loaded successfully
2025-03-11 01:00:39,986 - config.appconfig - INFO - DB_HOST: localhost
2025-03-11 01:00:39,986 - config.appconfig - INFO - DB_NAME: license
2025-03-11 01:00:39,990 - config.appconfig - INFO - DB_USER: postgres
2025-03-11 01:00:39,990 - config.appconfig - INFO - DB_PASSWORD: or****le
2025-03-11 01:00:39,992 - config.appconfig - INFO - DB_PORT: 5432
2025-03-11 01:00:39,993 - config.appconfig - INFO - VIDEO_SOURCE: C:\Users\Dell\Desktop\Machine Learning\COMPUTER VISION\ANPR System\Resources\car_vid.mp4
2025-03-11 01:00:39,993 - config.appconfig - INFO - MODEL_PATH: C:\Users\Dell\Desktop\Machine Learning\COMPUTER VISION\ANPR System\models\license_plate_detector.pt
2025-03-11 01:00:39,996 - config.appconfig - INFO - OUTPUT_PATH: C:\Users\Dell\Desktop\Machine Learning\COMPUTER VISION\ANPR System\output\annotated_video.mp4
2025-03-11 01:00:39,997 - config.appconfig - INFO - PLATE_REGEX: re.compile('^[A-Z0-9]{7,10}$')
2025-03-11 01:00:39,999 - config.appconfig - INFO - MIN_CONFIDENCE: 0.65
2025-03-11 01:00:40,000 - config.appconfig - INFO - TRACKING_FRAMES: 30
2025-03-11 01:00:40,001 - config.appconfig - INFO - MIN_DETECTIONS: 5
2025-03-11 01:02:48,210 - config.appconfig - INFO - Configuration loaded successfully
2025-03-11 01:02:48,210 - config.appconfig - INFO - DB_HOST: localhost
2025-03-11 01:02:48,210 - config.appconfig - INFO - DB_NAME: license
2025-03-11 01:02:48,212 - config.appconfig - INFO - DB_USER: postgres
2025-03-11 01:02:48,212 - config.appconfig - INFO - DB_PASSWORD: or****le
2025-03-11 01:02:48,212 - config.appconfig - INFO - DB_PORT: 5432
2025-03-11 01:02:48,212 - config.appconfig - INFO - VIDEO_SOURCE: C:\Users\Dell\Desktop\Machine Learning\COMPUTER VISION\ANPR System\Resources\car_vid.mp4
2025-03-11 01:02:48,212 - config.appconfig - INFO - MODEL_PATH: C:\Users\Dell\Desktop\Machine Learning\COMPUTER VISION\ANPR System\models\license_plate_detector.pt
2025-03-11 01:02:48,212 - config.appconfig - INFO - OUTPUT_PATH: C:\Users\Dell\Desktop\Machine Learning\COMPUTER VISION\ANPR System\output\annotated_video.mp4
2025-03-11 01:02:48,212 - config.appconfig - INFO - PLATE_REGEX: re.compile('^[A-Z0-9]{7,10}$')
2025-03-11 01:02:48,217 - config.appconfig - INFO - MIN_CONFIDENCE: 0.65
2025-03-11 01:02:48,217 - config.appconfig - INFO - TRACKING_FRAMES: 30
2025-03-11 01:02:48,217 - config.appconfig - INFO - MIN_DETECTIONS: 1
2025-03-11 15:42:08,362 - config.appconfig - INFO - Configuration loaded successfully
2025-03-11 15:42:08,364 - config.appconfig - INFO - DB_HOST: localhost
2025-03-11 15:42:08,364 - config.appconfig - INFO - DB_NAME: license
2025-03-11 15:42:08,364 - config.appconfig - INFO - DB_USER: postgres
2025-03-11 15:42:08,364 - config.appconfig - INFO - DB_PASSWORD: or****le
2025-03-11 15:42:08,367 - config.appconfig - INFO - DB_PORT: 5432
2025-03-11 15:42:08,367 - config.appconfig - INFO - VIDEO_SOURCE: C:\Users\Dell\Desktop\Machine Learning\COMPUTER VISION\ANPR System\Resources\car_vid.mp4
2025-03-11 15:42:08,367 - config.appconfig - INFO - MODEL_PATH: C:\Users\Dell\Desktop\Machine Learning\COMPUTER VISION\ANPR System\models\license_plate_detector.pt
2025-03-11 15:42:08,367 - config.appconfig - INFO - OUTPUT_PATH: C:\Users\Dell\Desktop\Machine Learning\COMPUTER VISION\ANPR System\output\annotated_video.mp4
2025-03-11 15:42:08,370 - config.appconfig - INFO - PLATE_REGEX: re.compile('^[A-Z0-9]{7,10}$')
2025-03-11 15:42:08,371 - config.appconfig - INFO - MIN_CONFIDENCE: 0.65
2025-03-11 15:42:08,372 - config.appconfig - INFO - TRACKING_FRAMES: 30
2025-03-11 15:42:08,372 - config.appconfig - INFO - MIN_DETECTIONS: 1
2025-03-11 15:43:40,171 - config.appconfig - INFO - Configuration loaded successfully
2025-03-11 15:43:40,173 - config.appconfig - INFO - DB_HOST: localhost
2025-03-11 15:43:40,174 - config.appconfig - INFO - DB_NAME: license
2025-03-11 15:43:40,174 - config.appconfig - INFO - DB_USER: postgres
2025-03-11 15:43:40,174 - config.appconfig - INFO - DB_PASSWORD: or****le
2025-03-11 15:43:40,174 - config.appconfig - INFO - DB_PORT: 5432
2025-03-11 15:43:40,177 - config.appconfig - INFO - VIDEO_SOURCE: C:\Users\Dell\Desktop\Machine Learning\COMPUTER VISION\ANPR System\Resources\car_vid.mp4
2025-03-11 15:43:40,177 - config.appconfig - INFO - MODEL_PATH: C:\Users\Dell\Desktop\Machine Learning\COMPUTER VISION\ANPR System\models\license_plate_detector.pt
2025-03-11 15:43:40,179 - config.appconfig - INFO - OUTPUT_PATH: C:\Users\Dell\Desktop\Machine Learning\COMPUTER VISION\ANPR System\output\annotated_video.mp4
2025-03-11 15:43:40,179 - config.appconfig - INFO - PLATE_REGEX: re.compile('^[A-Z0-9]{7,10}$')
2025-03-11 15:43:40,181 - config.appconfig - INFO - MIN_CONFIDENCE: 0.65
2025-03-11 15:43:40,182 - config.appconfig - INFO - TRACKING_FRAMES: 30
2025-03-11 15:43:40,182 - config.appconfig - INFO - MIN_DETECTIONS: 1
